iter	3
train.correct.count	14541.0
train.correct.mean	0.600889821118829
train.correct.max	1.0000000000000013
train.oracle.count	14541.0
train.oracle.mean	0.7161818306856474
train.oracle.max	1.0
train.partCorrect.count	14541.0
train.partCorrect.mean	0.600889821118829
train.partCorrect.max	1.0000000000000013
train.partOracle.count	14541.0
train.partOracle.mean	0.7161818306856474
train.partOracle.max	1.0
train.parsed.count	14541.0
train.parsed.mean	1.0
train.parsed.max	1.0
train.numCandidates.count	14541.0
train.numCandidates.mean	848.8631455883365
train.numCandidates.max	2083.0
train.parsedNumCandidates.count	14541.0
train.parsedNumCandidates.mean	848.8631455883365
train.parsedNumCandidates.max	2083.0
train.numTokens.count	14541.0
train.numTokens.mean	9.824152396671481
train.numTokens.max	47.0
train.parseTime.count	14541.0
train.parseTime.mean	329.4894436421154
train.parseTime.max	9680.0
train.maxCellSize.count	14541.0
train.maxCellSize.mean	972.702840244825
train.maxCellSize.max	33460.0
train.fallOffBeam.count	14541.0
train.fallOffBeam.mean	0.9112165600715219
train.fallOffBeam.max	1.0
train.totalDerivs.count	14541.0
train.totalDerivs.mean	0.0
train.totalDerivs.max	0.0
train.numOfFeaturizedDerivs.count	14541.0
train.numOfFeaturizedDerivs.mean	9035.188982876005
train.numOfFeaturizedDerivs.max	113222.0
train.numCells.count	14541.0
train.numCells.mean	288.10611374733514
train.numCells.max	2515.0
train.correctIndexAfterParse.count	10414.0
train.correctIndexAfterParse.mean	1.7929710005761474
train.correctIndexAfterParse.max	1151.0
train.correctMaxBeamPosition.count	10414.0
train.correctMaxBeamPosition.mean	3.1943537545611678
train.correctMaxBeamPosition.max	199.0
train.correctMaxUnsortedBeamPosition.count	10414.0
train.correctMaxUnsortedBeamPosition.mean	52.29844440176685
train.correctMaxUnsortedBeamPosition.max	2041.0
group	test
example	3011
test.correct.count	3012.0
test.correct.mean	0.32705307022356045
test.correct.max	1.0000000000000002
test.oracle.count	3012.0
test.oracle.mean	0.6962151394422311
test.oracle.max	1.0
test.partCorrect.count	3012.0
test.partCorrect.mean	0.32705307022356045
test.partCorrect.max	1.0000000000000002
test.partOracle.count	3012.0
test.partOracle.mean	0.6962151394422311
test.partOracle.max	1.0
test.parsed.count	3012.0
test.parsed.mean	1.0
test.parsed.max	1.0
test.numCandidates.count	3012.0
test.numCandidates.mean	829.8120849933599
test.numCandidates.max	2060.0
test.parsedNumCandidates.count	3012.0
test.parsedNumCandidates.mean	829.8120849933599
test.parsedNumCandidates.max	2060.0
test.numTokens.count	3012.0
test.numTokens.mean	9.292828685258964
test.numTokens.max	44.0
test.parseTime.count	3012.0
test.parseTime.mean	293.11786188579015
test.parseTime.max	3187.0
test.maxCellSize.count	3012.0
test.maxCellSize.mean	871.5102921646746
test.maxCellSize.max	13022.0
test.fallOffBeam.count	3012.0
test.fallOffBeam.mean	0.9060424966799469
test.fallOffBeam.max	1.0
test.totalDerivs.count	3012.0
test.totalDerivs.mean	0.0
test.totalDerivs.max	0.0
test.numOfFeaturizedDerivs.count	3012.0
test.numOfFeaturizedDerivs.mean	8343.546480743691
test.numOfFeaturizedDerivs.max	66785.0
test.numCells.count	3012.0
test.numCells.mean	272.7566401062417
test.numCells.max	2244.0
test.correctIndexAfterParse.count	2097.0
test.correctIndexAfterParse.mean	30.861707200762996
test.correctIndexAfterParse.max	1130.0
test.correctMaxBeamPosition.count	2097.0
test.correctMaxBeamPosition.mean	11.232236528373868
test.correctMaxBeamPosition.max	197.0
test.correctMaxUnsortedBeamPosition.count	2097.0
test.correctMaxUnsortedBeamPosition.mean	52.15736766809728
test.correctMaxUnsortedBeamPosition.max	1783.0
log.note	
exec.memory	6.4G
exec.time	6h58m
exec.errors	0
exec.warnings	576
exec.disk	1.6G
exec.status	done
